// Jest Snapshot v1, https://goo.gl/fbAQLP

exports[`<Input /> Should render and match the snapshot 1`] = `
<div
  class="sc-AxjAm WWPws"
>
  <input
    class="sc-AxirZ jUgtCW"
    id="Name"
    name="Name"
    placeholder="Name"
    type="text"
    value="Value"
  />
</div>
`;
