// Jest Snapshot v1, https://goo.gl/fbAQLP

exports[`<AreaChart /> Should render and match the snapshot 1`] = `
<h1
  class="sc-AxjAm cYlDMx"
>
  Poland
</h1>
`;
