// Jest Snapshot v1, https://goo.gl/fbAQLP

exports[`<GlobalStatistics /> Should render and match the snapshot 1`] = `
<h1
  class="sc-AxjAm cYlDMx"
>
  Daily global statistics
</h1>
`;
