// Jest Snapshot v1, https://goo.gl/fbAQLP

exports[`<CircleSpinner /> Should render and match the snapshot 1`] = `
<div
  class="sc-AxjAm bzYdQR"
  size="2"
/>
`;
